F                                                                        [100%]
=================================== FAILURES ===================================
_______________ test_frequency_linewidth_uncertainty_constraint ________________

    def test_frequency_linewidth_uncertainty_constraint():
        """Verify that frequency uncertainty is always at least the linewidth uncertainty."""
        model = NVCenterLorentzianModel()
        phys_bounds = {
            "frequency": (2.8e9, 2.9e9),  # width = 1e8
            "linewidth": (5e6, 15e6),  # width = 1e7
        }

        # 1. Test GMM Physical
        gmm = GaussianMixtureMarginalDistribution(
            model=model,
            n_components=3,
            _physical_param_bounds=phys_bounds,
        )
        freq_idx = gmm._param_names.index("frequency")
        lw_idx = gmm._param_names.index("linewidth")

        # Set exact non-eps-dominated precision diagonal matrices to violate the constraint
        for k in range(gmm.n_components):
            gmm.precisions[k] = np.eye(gmm._dim)
            gmm.precisions[k, lw_idx, lw_idx] = 0.01  # var_lw = 100
            gmm.precisions[k, freq_idx, freq_idx] = 1.0  # var_freq = 1.0 < var_lw

        gmm._recompute_covariances()

        # Verify that component covariances are corrected
        for k in range(gmm.n_components):
            assert gmm._covariances[k, freq_idx, freq_idx] >= gmm._covariances[k, lw_idx, lw_idx]
            assert np.allclose(gmm.precisions[k, freq_idx, freq_idx], 1.0 / gmm._covariances[k, freq_idx, freq_idx], atol=1e-3)

        # Verify that combined empirical uncertainty also satisfies the constraint
        emp_unc = gmm._empirical_uncertainty()
        assert emp_unc["frequency"] >= emp_unc["linewidth"]

        # 2. Test GMM Unit Cube (wrapped)
        wrapped_model = UnitCubeSignalModel(
            inner=model,
            param_bounds_phys=phys_bounds,
            x_bounds_phys=(2.8e9, 2.9e9),
        )
        uc_gmm = UnitCubeGaussianMixtureMarginalDistribution(
            model=wrapped_model,
            n_components=3,
            _physical_param_bounds=phys_bounds,
        )
        # Unit-cube GMM is actually an instance of GaussianMixtureMarginalDistribution with self._is_unit_cube = True
        # We want to violate the constraint in unit cube.
        # lw width = 1e7, freq width = 1e8.
        # scale_factor = (lw_w / freq_w)^2 = 0.01.
        # var_freq_min = var_lw * 0.01.
        # If we set var_lw = 100 (prec = 0.01), then var_freq_min = 1.0.
        # We choose var_freq = 0.25 (prec = 4.0).
        # Since var_freq = 0.25 < var_freq_min = 1.0, it violates the constraint and should trigger clamping.
        for k in range(uc_gmm.n_components):
            uc_gmm.precisions[k] = np.eye(uc_gmm._dim)
            uc_gmm.precisions[k, lw_idx, lw_idx] = 0.01
            uc_gmm.precisions[k, freq_idx, freq_idx] = 4.0

        uc_gmm._recompute_covariances()

        # In unit cube, the physical standard deviation is returned by public APIs,
        # but the internal _covariances are in unit cube.
        # Let's verify internal _covariances are clamped:
        for k in range(uc_gmm.n_components):
            # internal freq_cov should be clamped to var_lw * 0.01 = 1.0
            assert np.allclose(uc_gmm._covariances[k, freq_idx, freq_idx], 1.0, atol=1e-3)
            assert np.allclose(uc_gmm.precisions[k, freq_idx, freq_idx], 1.0, atol=1e-3)

        # Verify that public empirical uncertainty (which is mapped to physical) also satisfies the constraint
>       emp_unc_uc = uc_gmm.uncertainty()
                     ^^^^^^^^^^^^^^^^^^^^

tests/test_mixture_prior_initialization.py:275:
_ _ _ _ _ _ _ _ _ _ _ _ _ _ _ _ _ _ _ _ _ _ _ _ _ _ _ _ _ _ _ _ _ _ _ _ _ _ _ _
nvision/belief/unit_cube_gaussian_marginal.py:73: in uncertainty
    return self._empirical_uncertainty()
           ^^^^^^^^^^^^^^^^^^^^^^^^^^^^^
_ _ _ _ _ _ _ _ _ _ _ _ _ _ _ _ _ _ _ _ _ _ _ _ _ _ _ _ _ _ _ _ _ _ _ _ _ _ _ _

self = UnitCubeGaussianMixtureMarginalDistribution(model=<nvision.spectra.unit_cube.UnitCubeSignalModel object at 0x7f717a159...0000.0)}, _param_names=['frequency', 'linewidth', 'split', 'k_np', 'dip_depth'], _dim=5, _physical_x_bounds=(0.0, 1.0))

    def _empirical_uncertainty(self) -> ParameterValues[float]:
        raw_norm = super()._empirical_uncertainty()
        data_phys = {
>           name: u_norm * (self.physical_param_bounds[name][1] - self.physical_param_bounds[name][0])
                            ^^^^^^^^^^^^^^^^^^^^^^^^^^^^^^^^
            for name, u_norm in raw_norm.items()
        }
E       KeyError: 'split'

nvision/belief/unit_cube_gaussian_marginal.py:67: KeyError
================================ tests coverage ================================
_______________ coverage: platform linux, python 3.13.12-final-0 _______________

Name                                                       Stmts   Miss  Cover   Missing
----------------------------------------------------------------------------------------
nvision/__init__.py                                           42     10    76%   55-68
nvision/__main__.py                                           14     14     0%   1-24
nvision/belief/__init__.py                                     9      0   100%
nvision/belief/abstract_marginal.py                           92     29    68%   31, 40-41, 48, 51, 54, 92, 106-111, 140, 171-174, 183-186, 216-217, 226-227, 233, 241, 249
nvision/belief/gaussian_mixture_marginal.py                  308    154    50%   80, 88, 92-99, 103-110, 142, 150-151, 177-179, 207-226, 234, 237-239, 242-247, 251-318, 321-322, 352-353, 356-361, 364-376, 379-389, 400-425, 428-435, 438-445
nvision/belief/grid_marginal.py                              163    111    32%   32-33, 36-39, 42-47, 50-55, 59-65, 69-78, 81, 90-102, 106, 110, 115-120, 123, 127, 130-131, 134, 137, 141-145, 155-158, 161-185, 188, 192, 195-197, 200, 203, 206, 222, 226, 229-232, 236-238, 242-246, 250-252
nvision/belief/smc_marginal.py                               424    339    20%   41-60, 67-71, 77-87, 94-97, 112-125, 140-146, 193-252, 255-304, 307-378, 382, 391-438, 448-515, 518-519, 523-524, 528, 536-546, 549, 554-562, 566-581, 589, 597-606, 614-622, 625, 628-647, 650-654, 657-660, 678-699, 709-718, 724-742, 746-764, 769, 772-786, 790-792
nvision/belief/students_t_mixture_marginal.py                311    255    18%   75-167, 171-196, 199-223, 227, 231, 235-237, 241-246, 250-320, 323-324, 327-349, 354-355, 358-363, 366-379, 382-394, 400-424, 427-435, 438-446
nvision/belief/unit_cube_gaussian_marginal.py                114     82    28%   28, 32, 37-39, 43-48, 52-54, 57-58, 61-62, 70, 76-77, 80-82, 86-115, 119-134, 138-153, 156-168
nvision/belief/unit_cube_grid_marginal.py                     99     71    28%   32-35, 39, 42-44, 47-48, 51-52, 55-59, 62, 65, 69, 73-75, 79-82, 85-91, 94-99, 109-165, 168
nvision/belief/unit_cube_smc_marginal.py                      86     59    31%   32-34, 38, 41-52, 56-58, 67-68, 76, 79-80, 83-84, 87-92, 95, 99-100, 104-108, 111, 115-139, 142-163
nvision/belief/unit_cube_students_t_marginal.py               86     61    29%   33, 36-41, 45-49, 53-58, 62-64, 67-68, 71-72, 75-80, 83, 87-88, 92-94, 98-129, 132-145
nvision/cache/__init__.py                                      8      0   100%
nvision/cache/bridge.py                                       19      9    53%   14-16, 20-22, 25, 28-29
nvision/cache/category.py                                      5      0   100%
nvision/cache/data_store.py                                   37     23    38%   19-21, 26, 29, 33-45, 49-58
nvision/cache/hashing.py                                       7      2    71%   12-13
nvision/cache/locator_keys.py                                  7      2    71%   25, 48
nvision/cache/locator_repository.py                           89     61    31%   29-30, 35, 40, 54-63, 66, 84-110, 127-144, 148, 152-173, 191-220, 235-252, 268-277
nvision/cache/repeats_repository.py                           44     31    30%   21, 26, 32-35, 39-49, 53-61, 65-74
nvision/cache/sqlite.py                                      257    222    14%   12-30, 37-39, 42-46, 49-51, 54, 70-78, 81-89, 92-97, 100-106, 137-149, 153, 157-159, 162-173, 176-189, 192-196, 199, 202-217, 220-228, 231-239, 242-247, 251-279, 283-285, 288-313, 316-332, 335-353, 357-378
nvision/cli/__init__.py                                        3      0   100%
nvision/cli/app_instance.py                                    3      0   100%
nvision/cli/cache_cmd.py                                     216    216     0%   1-368
nvision/cli/cases_cmd.py                                      40     40     0%   3-211
nvision/cli/defaults.py                                       23     23     0%   3-41
nvision/cli/demo.py                                           87     87     0%   16-230
nvision/cli/gcp_cmd.py                                        39     39     0%   3-81
nvision/cli/groups_cmd.py                                     45     45     0%   3-397
nvision/cli/main.py                                           19     19     0%   1-37
nvision/cli/monitor.py                                       448    448     0%   1-656
nvision/cli/progress_columns.py                               56     56     0%   1-84
nvision/cli/render.py                                        308    308     0%   1-704
nvision/cli/run.py                                           404    404     0%   1-863
nvision/cli/serve.py                                         212    212     0%   13-393
nvision/cli/utils.py                                           0      0   100%
nvision/gui/__init__.py                                        3      3     0%   1-5
nvision/gui/report.py                                         69     69     0%   1-134
nvision/metrics/__init__.py                                    4      0   100%
nvision/metrics/calculator.py                                 46     36    22%   31-80, 98-100
nvision/metrics/convergence.py                                30     25    17%   23-66, 71
nvision/metrics/milestones.py                                 44     44     0%   3-126
nvision/metrics/types.py                                      25      0   100%
nvision/models/__init__.py                                     0      0   100%
nvision/models/experiment.py                                  59     39    34%   45-50, 68-109, 119, 124-125, 129, 133
nvision/models/fisher_information.py                          48     37    23%   14-17, 29-34, 56-68, 79-84, 89-91, 101-107
nvision/models/locator.py                                     21      6    71%   31, 62, 77, 90, 101, 114
nvision/models/measurement_noise.py                            1      0   100%
nvision/models/noise.py                                       88     61    31%   19, 22, 25-28, 32-34, 45-54, 62-79, 86, 89, 92-95, 107-109, 120-125, 133-138, 142-154
nvision/models/observation.py                                 36     17    53%   49-55, 58-64, 69, 74, 79-81
nvision/models/observer.py                                   114     73    36%   77-79, 94, 109, 124-125, 135, 150, 167-170, 180-182, 192, 225-228, 243-317
nvision/models/task.py                                        64     18    72%   26-36, 64, 68, 72, 76, 80, 84, 88, 91
nvision/noises/__init__.py                                     7      0   100%
nvision/noises/groups.py                                      38     18    53%   18-19, 22, 25-28, 42-43, 46, 50-53, 56-59
nvision/noises/over_frequency/__init__.py                      4      0   100%
nvision/noises/over_frequency/gaussian_noise.py               29     14    52%   25-33, 36, 40-45
nvision/noises/over_frequency/outlier_spikes.py               22     10    55%   23-34, 43-45
nvision/noises/over_frequency/poisson_noise.py                47     30    36%   30-43, 46-55, 60, 64-69, 74-77
nvision/noises/over_probe/__init__.py                          3      0   100%
nvision/noises/over_probe/drift_noise.py                      30     17    43%   23, 26-46, 50-53
nvision/noises/over_probe/random_walk_noise.py                25     11    56%   25, 31-40, 44-47
nvision/runner/__init__.py                                     6      0   100%
nvision/runner/cache.py                                       46     33    28%   26, 31, 36, 44-59, 68-82
nvision/runner/convert.py                                     73     61    16%   20, 34-61, 75-102, 112-138, 153-173
nvision/runner/executor.py                                   455    385    15%   46-64, 83-121, 134-147, 173-193, 197-199, 208-217, 229-232, 236-241, 251-301, 305-360, 370-482, 496-510, 514-561, 564-577, 581-584, 588-589, 601-633, 636-653, 658-682, 687-694, 704-708, 726-763, 775-887, 896-921
nvision/runner/metrics.py                                     95     81    15%   22-23, 50-167, 171-202
nvision/runner/plots.py                                      537    509     5%   24-33, 38-55, 74-150, 166-207, 213-221, 225-231, 235-264, 268-311, 317-357, 361-378, 384-409, 413-424, 429-448, 462-759, 777-913
nvision/runner/repeat_keys.py                                 12      4    67%   16, 21, 26, 31
nvision/runner/signal_cache.py                               108     81    25%   51-57, 63-93, 98-127, 132-139, 158-196
nvision/runner/sweep_cache.py                                178    135    24%   52-58, 64-91, 96-126, 131-135, 144-148, 153-164, 169-172, 179, 186-190, 197-209, 214-220, 228, 231, 234, 239, 244, 249-265, 276-313
nvision/runner/task_builder.py                                78     43    45%   54-119, 124-140
nvision/sim/__init__.py                                        4      0   100%
nvision/sim/batch.py                                          59     33    44%   28-43, 46-54, 63, 67, 71, 75, 79, 82-83, 98, 109-114
nvision/sim/combinations.py                                  100     62    38%   59-65, 76-81, 85, 89, 93-95, 105-161, 165, 181-209, 220-228, 243-259
nvision/sim/defaults.py                                       31      0   100%
nvision/sim/gen/__init__.py                                    3      0   100%
nvision/sim/gen/nv_center_generator.py                        46     33    28%   56-129
nvision/sim/gen/peak_spec.py                                  32     11    66%   91-102, 117-123, 128
nvision/sim/grid_enums.py                                     22     22     0%   3-41
nvision/sim/locs/__init__.py                                   3      0   100%
nvision/sim/locs/bayesian/__init__.py                          8      0   100%
nvision/sim/locs/bayesian/acquisition_locators.py              5      0   100%
nvision/sim/locs/bayesian/belief_builders.py                  84     66    21%   61-69, 79-92, 109-120, 137-148, 174-205, 225-280
nvision/sim/locs/bayesian/maximum_likelihood_locator.py       26     16    38%   32, 57-60, 73-83
nvision/sim/locs/bayesian/sbed_locator.py                     61     46    25%   31-43, 57-60, 76-85, 89-108, 112-113, 116-125, 128-130
nvision/sim/locs/bayesian/sequential_bayesian_locator.py     274    236    14%   40-54, 100-139, 161-166, 191-220, 231, 235, 243, 251-255, 266-288, 292, 296, 306-335, 339-343, 347-425, 429-430, 434, 438, 442, 446, 454-458, 504-549, 553-554
nvision/sim/locs/bayesian/sobol_bayesian_locator.py           47     34    28%   12-19, 38-49, 64-67, 78-81, 84-85, 88-97, 100-102
nvision/sim/locs/bayesian/students_t_locator.py               64     43    33%   46-58, 79-112, 134-146, 150, 154-170, 174, 178-184
nvision/sim/locs/bayesian/sweep_param_estimator.py            93     93     0%   17-259
nvision/sim/locs/bayesian/utility_sampling_locator.py         63     49    22%   18-39, 65-77, 95-98, 112-154
nvision/sim/locs/coarse/__init__.py                            5      0   100%
nvision/sim/locs/coarse/generic_sweep_locator.py              57     38    33%   98-105, 132-150, 165-167, 182-185, 203-207, 224-232, 252-272, 279, 293, 297
nvision/sim/locs/coarse/numba_kernels.py                      22     22     0%   3-40
nvision/sim/locs/coarse/sobol_locator.py                     577    499    14%   42-54, 70-90, 95-105, 139-146, 173-187, 191-193, 197-199, 203, 207, 223-232, 235-236, 239, 242-249, 252-272, 276, 292-305, 308-313, 317-320, 323, 326-338, 341-381, 397-412, 421-427, 431-433, 436, 439, 442-486, 501-539, 544-552, 578-585, 610-635, 638-643, 646-648, 651-690, 693-708, 712-714, 718-720, 724-726, 730-735, 738-758, 762-787, 791-806, 812-825, 836-861, 866-874, 878-887, 891-896, 900-904, 908-912, 920-928, 932-935, 939-1010, 1013-1023
nvision/sim/locs/coarse/sweep_locator.py                     451    404    10%   61-91, 100-103, 107, 111-114, 118-121, 126, 131, 136, 140-168, 172, 176-185, 189-193, 207, 213-215, 223, 228, 232-277, 281-300, 308-349, 364-404, 409-417, 427-452, 460-524, 536-582, 590-591, 601-646, 651, 655-735, 741-819
nvision/sim/locs/coarse/sweep_steps.py                        18     18     0%   3-79
nvision/sim/locs/ekf/__init__.py                               4      0   100%
nvision/sim/locs/ekf/acquisition.py                           46     46     0%   1-135
nvision/sim/locs/ekf/belief.py                               305    259    15%   40-44, 49, 54, 58, 62-64, 68, 72-84, 94-122, 126-137, 141-149, 153-162, 166-199, 203-209, 213-219, 223-224, 256-268, 273, 278, 282-284, 293-374, 378, 382-394, 405-435, 440-451, 455-463, 467-479, 484-520, 524-530, 534-540, 544-545
nvision/sim/locs/ekf/ekf_locator.py                          211    185    12%   50-71, 90-192, 207, 211-221, 225-277, 286-287, 296-297, 316, 347-450
nvision/sim/locs/ekf/executor.py                              13     13     0%   1-56
nvision/sim/locs/ekf/filter.py                                15     10    33%   23-49
nvision/sim/locs/ekf/gmm_locator.py                           52     38    27%   27, 57-90, 123-146, 150-164, 168-170
nvision/sim/locs/ekf/models.py                                43     37    14%   16-27, 41-75
nvision/sim/locs/ekf/parameter_bounds.py                      36     29    19%   11, 16-26, 33-40, 54-72
nvision/sim/locs/refocus/__init__.py                           4      0   100%
nvision/sim/locs/refocus/strategies.py                        96     90     6%   52-88, 109-122, 127-136, 174-231
nvision/sim/locs/refocus/window.py                            84     75    11%   63-136, 154-191, 204-208, 236-256
nvision/sim/presets.py                                        14      4    71%   33, 51, 55, 80
nvision/sim/run_groups.py                                     87     87     0%   8-194
nvision/sim/scalar_measure.py                                 14     14     0%   1-21
nvision/spectra/__init__.py                                    7      0   100%
nvision/spectra/composite.py                                 103     67    35%   32-36, 42, 46, 49-54, 57-60, 63-68, 71-74, 77-82, 85-88, 95-96, 100, 103-107, 110-113, 116-121, 124-137
nvision/spectra/dtypes.py                                      3      0   100%
nvision/spectra/gaussian.py                                   59     21    64%   68, 71, 74, 85-91, 94-106
nvision/spectra/jax_kernels.py                                45     40    11%   21-62, 75-91
nvision/spectra/likelihood.py                                 37     25    32%   14-21, 26-29, 33-34, 44-47, 68-76
nvision/spectra/lorentzian.py                                 69     27    61%   27, 78, 81, 84, 95-101, 104-116, 120-124
nvision/spectra/noise_model.py                                88     51    42%   66-74, 81, 85, 94, 108-128, 135, 139, 150-151, 163, 167, 179-184, 191-198, 202, 211-218
nvision/spectra/numba_kernels.py                             344    312     9%   21-22, 34, 48-54, 74-125, 136-137, 158-183, 204-226, 247-310, 327-338, 365-432, 447-484, 511-536, 557-624
nvision/spectra/nv_center.py                                 286    142    50%   56, 137, 157-171, 180, 183, 186-187, 190-192, 196, 199, 209, 220-229, 234-257, 263-281, 287-303, 318-319, 394, 409, 412, 415, 425-426, 429-431, 435, 438, 449, 462-477, 483-502, 505-528, 536-546, 614, 617, 620, 623-624, 627-628, 632, 635-637, 640-642, 645-651, 656-667, 675-679, 692-702
nvision/spectra/signal.py                                    139     86    38%   62-76, 89, 98, 104, 113, 122, 135, 145, 158, 166-178, 200-220, 225, 239-252, 266, 270, 273-274, 277-280, 284, 287-290, 293, 304-313, 317, 329-335
nvision/spectra/spec.py                                       65     20    69%   46-47, 51, 55, 59, 62, 65, 68, 71, 74, 77, 95, 98, 101, 104, 107, 110-112, 117-119
nvision/spectra/unit_cube.py                                 148    114    23%   25-34, 70, 73-85, 88, 91, 94-110, 118-136, 140-146, 154-171, 179-203, 206, 212-220, 223-231, 247-256
nvision/spectra/voigt_zeeman.py                               82     28    66%   106, 121, 124, 128, 131, 143, 146-166, 169, 182-208
nvision/tools/__init__.py                                      0      0   100%
nvision/tools/artifacts.py                                   162    130    20%   19, 23, 27, 40-53, 58-67, 85-98, 109-171, 175-177, 181-182, 187, 202-258, 262, 280-283, 287-291
nvision/tools/gcp.py                                          70     70     0%   1-133
nvision/tools/log_context.py                                  25     16    36%   16-25, 32-33, 37, 44-47
nvision/tools/logger.py                                       19     19     0%   1-29
nvision/tools/math.py                                         39     30    23%   12-18, 24-29, 33-37, 41-57
nvision/tools/paths.py                                        19      4    79%   10, 19-20, 33
nvision/tools/rich_tracebacks.py                              13     13     0%   3-22
nvision/tools/utils.py                                         1      1     0%   4
nvision/viz/__init__.py                                       10      0   100%
nvision/viz/base.py                                            7      2    71%   10-11
nvision/viz/bayesian.py                                      689    653     5%   28-51, 60-78, 83-88, 92-95, 113-137, 145-163, 171-180, 199-315, 330-335, 342-354, 365-428, 448-624, 659-1459, 1476-1605, 1620-1747, 1765-1967, 1984-2058, 2092-2327, 2346-2518
nvision/viz/comparisons.py                                    73     58    21%   26-106, 111-114, 119-125, 130-134, 147-191
nvision/viz/experiments.py                                    89     79    11%   16-45, 49-70, 74-92, 96-172
nvision/viz/measurements.py                                  581    535     8%   34-50, 54-63, 67, 75-87, 101-134, 153-172, 192-213, 226-232, 246-346, 375-381, 405-419, 440-496, 508-545, 563-586, 612-642, 662-670, 674-676, 680-686, 695-706, 716-726, 730-776, 794-826, 831-848, 852-863, 868-961, 966-983, 996-1048, 1081-1148
nvision/viz/metrics.py                                        49     39    20%   22-51, 63-84, 94-113
----------------------------------------------------------------------------------------
TOTAL                                                      13069  10486    20%
Coverage HTML written to dir htmlcov
Coverage XML written to file coverage.xml
=========================== short test summary info ============================
FAILED tests/test_mixture_prior_initialization.py::test_frequency_linewidth_uncertainty_constraint
1 failed in 7.86s
