============================= test session starts =============================
platform win32 -- Python 3.13.1, pytest-8.4.2, pluggy-1.6.0
rootdir: C:\Users\shoha\git\NVision
configfile: pyproject.toml
plugins: anyio-4.12.0, dash-3.3.0, hypothesis-6.147.0, cov-7.0.0, xdist-3.8.0
collected 4 items

tests\test_analytical_locator.py ...F                                    [100%]

================================== FAILURES ===================================
__________________________ test_full_run_convergence __________________________

    def test_full_run_convergence():
        locator = build_locator(n_warmup=10, max_evals=30)
        scan = build_scan(center=2.88e9)
    
        history = pl.DataFrame(schema={"x": pl.Float64, "signal_values": pl.Float64})
    
        for _ in range(30):
            if locator.should_stop(history, scan):
                break
            x = locator.propose_next(history, scan)
            y = scan.signal(x)
            history = pl.concat([history, pl.DataFrame({"x": [x], "signal_values": [y]})])
    
        # Finalize
        result = locator.finalize(history, scan)
    
>       assert abs(result["x1_hat"] - 2.88e9) < 5e6
E       assert 43580909.83007622 < 5000000.0
E        +  where 43580909.83007622 = abs((2836419090.169924 - 2880000000.0))

tests\test_analytical_locator.py:131: AssertionError
=============================== tests coverage ================================
_______________ coverage: platform win32, python 3.13.1-final-0 _______________

Name                                                                    Stmts   Miss  Cover   Missing
-----------------------------------------------------------------------------------------------------
src\nvision\__init__.py                                                     0      0   100%
src\nvision\__main__.py                                                     5      5     0%   1-11
src\nvision\cache\__init__.py                                               5      5     0%   1-8
src\nvision\cache\bridge.py                                                14     14     0%   1-22
src\nvision\cache\category.py                                              71     71     0%   1-109
src\nvision\cache\sqlite.py                                                52     52     0%   1-73
src\nvision\cli\__init__.py                                                 4      4     0%   1-8
src\nvision\cli\cache_cmd.py                                               72     72     0%   1-134
src\nvision\cli\gui.py                                                      9      9     0%   1-22
src\nvision\cli\main.py                                                     7      7     0%   1-12
src\nvision\cli\render.py                                                  92     92     0%   1-197
src\nvision\cli\run.py                                                    149    149     0%   1-314
src\nvision\cli\runner.py                                                 262    262     0%   1-563
src\nvision\cli\types.py                                                    6      6     0%   1-10
src\nvision\cli\utils.py                                                   83     83     0%   1-156
src\nvision\evaluation\__init__.py                                          0      0   100%
src\nvision\evaluation\bayesian_eval.py                                    71     71     0%   1-220
src\nvision\gui\__init__.py                                                 4      4     0%   1-6
src\nvision\gui\app.py                                                     50     50     0%   1-188
src\nvision\gui\report.py                                                  25     25     0%   1-44
src\nvision\sim\__init__.py                                                 6      0   100%
src\nvision\sim\cases.py                                                   12     12     0%   1-107
src\nvision\sim\core.py                                                    78     39    50%   30-45, 48-57, 66, 70, 74, 78, 82, 85-86, 117, 120, 123-126, 133, 136, 139-142
src\nvision\sim\gen\__init__.py                                            13      0   100%
src\nvision\sim\gen\_protocols.py                                           6      0   100%
src\nvision\sim\gen\distributions\__init__.py                               5      0   100%
src\nvision\sim\gen\distributions\broadened_nv_center_manufacturer.py      30     21    30%   24-45, 65-69, 79-98
src\nvision\sim\gen\distributions\cauchy_lorentz_manufacturer.py           15      8    47%   31-34, 44-49
src\nvision\sim\gen\distributions\convolution_manufacturer.py              14      7    50%   13-14, 28-33
src\nvision\sim\gen\distributions\exponential_decay_manufacturer.py        25     16    36%   14-17, 27-32, 41-52
src\nvision\sim\gen\distributions\gaussian_manufacturer.py                 28     19    32%   14-17, 27-54, 68-71
src\nvision\sim\gen\distributions\nv_center_manufacturer.py                57     39    32%   58-75, 108-169, 173-187
src\nvision\sim\gen\generators\__init__.py                                  6      0   100%
src\nvision\sim\gen\generators\multi_peak_generator.py                     43     27    37%   22-57
src\nvision\sim\gen\generators\nv_center_generator.py                      49     29    41%   45-46, 50-69, 75-102
src\nvision\sim\gen\generators\one_peak_generator.py                       22      9    59%   18-19, 22-28
src\nvision\sim\gen\generators\symmetric_two_peak_generator.py             40     24    40%   23-26, 29-66
src\nvision\sim\gen\generators\two_peak_generator.py                       19      4    79%   21-31
src\nvision\sim\loc_runner.py                                             124     99    20%   16-109, 122-139, 147, 160-189, 199-239, 255-284
src\nvision\sim\locs\__init__.py                                           51     36    29%   58-128
src\nvision\sim\locs\base.py                                               52     32    38%   65, 85, 101, 115-158
src\nvision\sim\locs\models\__init__.py                                     0      0   100%
src\nvision\sim\locs\models\obs.py                                          7      7     0%   1-10
src\nvision\sim\locs\models\priors.py                                      18     18     0%   1-28
src\nvision\sim\locs\models\protocols.py                                   10     10     0%   1-27
src\nvision\sim\locs\nv_center\__init__.py                                  7      0   100%
src\nvision\sim\locs\nv_center\_base_locator.py                           128     93    27%   42-65, 69-74, 87-101, 105-114, 124, 128-142, 157, 167-205, 214-230, 239-292
src\nvision\sim\locs\nv_center\_bayesian_adapter.py                        69     33    52%   58-87, 91-103, 107-115, 119-127
src\nvision\sim\locs\nv_center\_jit_kernels.py                            327    290    11%   14-17, 27-46, 53-61, 67-87, 93-95, 101-108, 114-115, 121-123, 129-137, 149-172, 182-241, 254-295, 307-415, 435-483, 489-495, 504-539, 548-584
src\nvision\sim\locs\nv_center\_simple_adapter.py                          65     65     0%   7-109
src\nvision\sim\locs\nv_center\analytical_bayesian_locator.py              48      9    81%   65, 81-84, 86, 91, 94, 144
src\nvision\sim\locs\nv_center\bayesian_base.py                           373    171    54%   78, 114-122, 133-151, 155, 162, 169-211, 217-237, 248, 278, 282-299, 307, 315, 342-344, 409-413, 416-436, 439-465, 471-482, 493, 500-506, 511, 525-528, 530, 534-566, 570, 579-588, 593, 608-640, 643, 647, 649, 684-716, 719, 736-737
src\nvision\sim\locs\nv_center\evaluation.py                               87     87     0%   5-190
src\nvision\sim\locs\nv_center\fisher_information.py                       24      4    83%   49-53
src\nvision\sim\locs\nv_center\project_bayesian_locator.py                 28     15    46%   37-58, 64-79
src\nvision\sim\locs\nv_center\sequential_bayesian_locator.py              56     27    52%   62-102, 110-112, 123-126
src\nvision\sim\locs\nv_center\simple_sequential_locator.py                60     48    20%   27-79, 86-130
src\nvision\sim\locs\nv_center\sweep_locator.py                            95     77    19%   30-37, 41-47, 52-59, 70-94, 98-120, 123-131, 134-186
src\nvision\sim\locs\one_peak\__init__.py                                   4      0   100%
src\nvision\sim\locs\one_peak\golden_locator.py                            78     65    17%   26-30, 34-153, 157-165, 169-195
src\nvision\sim\locs\one_peak\grid_locator.py                              53     40    25%   22-24, 27-57, 60-74, 77-127
src\nvision\sim\locs\one_peak\sweep_locator.py                             57     45    21%   22-73, 76-84, 87-113
src\nvision\sim\locs\two_peak\__init__.py                                   4      0   100%
src\nvision\sim\locs\two_peak\golden_locator.py                            82     68    17%   24-76, 79-87, 90-160
src\nvision\sim\locs\two_peak\grid_locator.py                              50     37    26%   23-49, 52-60, 63-135
src\nvision\sim\locs\two_peak\sweep_locator.py                             83     69    17%   24-81, 84-92, 95-167
src\nvision\sim\locs\two_peak\two_peak_greedy_locator.py                   82     82     0%   1-167
src\nvision\sim\measurement_process.py                                     40     40     0%   1-80
src\nvision\sim\noises\__init__.py                                          7      0   100%
src\nvision\sim\noises\groups.py                                           38     18    53%   18-19, 22, 25-28, 42-43, 46, 50-53, 56-59
src\nvision\sim\noises\over_frequency\__init__.py                           4      0   100%
src\nvision\sim\noises\over_frequency\gaussian_noise.py                    20      9    55%   23-34
src\nvision\sim\noises\over_frequency\outlier_spikes.py                    19      9    53%   19-29
src\nvision\sim\noises\over_frequency\poisson_noise.py                     27     17    37%   22-39
src\nvision\sim\noises\over_probe\__init__.py                               3      0   100%
src\nvision\sim\noises\over_probe\drift_noise.py                           25     14    44%   21, 24-39
src\nvision\sim\noises\over_probe\random_walk_noise.py                     19      8    58%   22, 25-32
src\nvision\sim\scalar_measure.py                                          13     13     0%   1-20
src\nvision\sim\scan_batch.py                                              12     12     0%   1-18
src\nvision\viz\__init__.py                                                 9      9     0%   1-16
src\nvision\viz\base.py                                                     7      7     0%   1-11
src\nvision\viz\bayesian.py                                                42     42     0%   1-152
src\nvision\viz\comparisons.py                                             44     44     0%   1-140
src\nvision\viz\experiments.py                                             38     38     0%   1-75
src\nvision\viz\measurements.py                                            49     49     0%   1-171
-----------------------------------------------------------------------------------------------------
TOTAL                                                                    3987   3091    22%
Coverage HTML written to dir htmlcov
Coverage XML written to file coverage.xml
=========================== short test summary info ===========================
FAILED tests/test_analytical_locator.py::test_full_run_convergence - assert 4...
========================= 1 failed, 3 passed in 4.54s =========================
